../Drivers/STM32WLxx_HAL_Driver/Inc/stm32wlxx_ll_bus.h:449:22:LL_AHB2_GRP1_EnableClock	24	static
../Core/Src/main.c:77:5:main	56	static
../Core/Src/main.c:162:6:SystemClock_Config	112	static
../Core/Src/main.c:210:13:MX_ADC_Init	8	static
../Core/Src/main.c:257:13:MX_I2C2_Init	8	static
../Core/Src/main.c:305:13:MX_RTC_Init	8	static
../Core/Src/main.c:350:13:MX_SPI2_Init	8	static
../Core/Src/main.c:390:13:MX_USART1_UART_Init	8	static
../Core/Src/main.c:438:13:MX_GPIO_Init	32	static
../Core/Src/main.c:476:6:Error_Handler	4	static,ignoring_inline_asm
